
> nextn@0.1.0 build
> next build

   Γû▓ Next.js 15.3.3
   - Environments: .env.local, .env

   Creating an optimized production build ...
 Γ£ô Compiled successfully in 58s
   Skipping linting
   Checking validity of types ...
node.exe : Failed to compile.
At line:1 char:1
+ & "C:\nvm4w\nodejs/node.exe" "C:\nvm4w\nodejs/node_modules/npm/bin/np ...
+ ~~~~~~~~~~~~~~~~~~~~~~~~~~~~~~~~~~~~~~~~~~~~~~~~~~~~~~~~~~~~~~~~~~~~~
    + CategoryInfo          : NotSpecified: (Failed to compile.:String) [], RemoteException
    + FullyQualifiedErrorId : NativeCommandError
 

./src/app/dashboard/hrms/employees/[id]/edit/page.tsx:85:32
Type error: Property 'name' does not exist on type 'never'.

[0m [90m 83 |[39m                 [90m// Reset the form with the fetched data[39m[0m
[0m [90m 84 |[39m                 form[33m.[39mreset({[0m
[0m[31m[1m>[22m[39m[90m 85 |[39m                     name[33m:[39m 
user[33m.[39mname[33m,[39m[0m
[0m [90m    |[39m                                [31m[1m^[22m[39m[0m
[0m [90m 86 |[39m                     email[33m:[39m user[33m.[39memail[33m,[39m[0m
[0m [90m 87 |[39m                     phone[33m:[39m user[33m.[39mphone[33m,[39m[0m
[0m [90m 88 |[39m                     designation[33m:[39m user[33m.[39mdesignation[33m,[39m[0m
Next.js build worker exited with code: 1 and signal: null
