
Running 32 tests using 6 workers

  Γ£ô   2 [chromium] ΓÇ║ e2e\authentication-complete.spec.ts:83:3 ΓÇ║ Authentication - Basic Login Flow ΓÇ║ TC-1.1: Should load login page successfully (3.9s)
  Γ£ô   1 [chromium] ΓÇ║ e2e\authentication-complete.spec.ts:151:3 ΓÇ║ Authentication - Basic Login Flow ΓÇ║ TC-1.5: Should require both email and password (5.5s)
  Γ£ô   4 [chromium] ΓÇ║ e2e\authentication-complete.spec.ts:162:3 ΓÇ║ Authentication - Basic Login Flow ΓÇ║ TC-1.6: Should validate email format (5.1s)
  Γ£ô   3 [chromium] ΓÇ║ e2e\authentication-complete.spec.ts:113:3 ΓÇ║ Authentication - Basic Login Flow ΓÇ║ TC-1.3: Should display error for invalid password (7.6s)
  Γ£ô   5 [chromium] ΓÇ║ e2e\authentication-complete.spec.ts:97:3 ΓÇ║ Authentication - Basic Login Flow ΓÇ║ TC-1.2: Should successfully login with valid admin credentials (10.4s)
  Γ£ÿ   6 [chromium] ΓÇ║ e2e\authentication-complete.spec.ts:133:3 ΓÇ║ Authentication - Basic Login Flow ΓÇ║ TC-1.4: Should display error for non-existent user (11.2s)
  Γ£ô   8 [chromium] ΓÇ║ e2e\authentication-complete.spec.ts:201:3 ΓÇ║ Authentication - Cookie Management ΓÇ║ TC-2.2: Should set refresh token cookie after successful login (7.9s)
  Γ£ô   7 [chromium] ΓÇ║ e2e\authentication-complete.spec.ts:181:3 ΓÇ║ Authentication - Cookie Management ΓÇ║ TC-2.1: Should set access token cookie after successful login (9.2s)
  Γ£ô  10 [chromium] ΓÇ║ e2e\authentication-complete.spec.ts:238:3 ΓÇ║ Authentication - Cookie Management ΓÇ║ TC-2.4: Cookies should not be deleted on failed login (7.8s)
  Γ£ÿ   9 [chromium] ΓÇ║ e2e\authentication-complete.spec.ts:220:3 ΓÇ║ Authentication - Cookie Management ΓÇ║ TC-2.3: Access token should be httpOnly (14.0s)
  Γ£ÿ  14 [chromium] ΓÇ║ e2e\authentication-complete.spec.ts:364:3 ΓÇ║ Authentication - Session Management ΓÇ║ TC-3.3: Should not access dashboard without login (7.2s)
  Γ£ÿ  11 [chromium] ΓÇ║ e2e\authentication-complete.spec.ts:258:3 ΓÇ║ Authentication - Cookie Management ΓÇ║ TC-2.5: Access token should have correct expiration (15 minutes) (12.6s)
  Γ£ÿ  12 [chromium] ΓÇ║ e2e\authentication-complete.spec.ts:311:3 ΓÇ║ Authentication - Session Management ΓÇ║ TC-3.1: Should maintain session across page reload (11.9s)
  Γ£ÿ  13 [chromium] ΓÇ║ e2e\authentication-complete.spec.ts:335:3 ΓÇ║ Authentication - Session Management ΓÇ║ TC-3.2: Should persist session across multiple dashboard navigations (11.4s)
  Γ£ÿ  16 [chromium] ΓÇ║ e2e\authentication-complete.spec.ts:376:3 ΓÇ║ Authentication - Session Management ΓÇ║ TC-3.4: Should not access dashboard with invalid JWT token (6.3s)
  Γ£ÿ  15 [chromium] ΓÇ║ e2e\authentication-complete.spec.ts:282:3 ΓÇ║ Authentication - Cookie Management ΓÇ║ TC-2.6: Refresh token should have correct expiration (7 days) (11.8s)
  Γ£ÿ  17 [chromium] ΓÇ║ e2e\authentication-complete.spec.ts:398:3 ΓÇ║ Authentication - Session Management ΓÇ║ TC-3.5: Should delete session on logout (12.8s)
  Γ£ÿ  19 [chromium] ΓÇ║ e2e\authentication-complete.spec.ts:483:3 ΓÇ║ Authentication - JWT Token Validation ΓÇ║ TC-4.2: JWT should contain email claim (12.4s)
  Γ£ÿ  18 [chromium] ΓÇ║ e2e\authentication-complete.spec.ts:456:3 ΓÇ║ Authentication - JWT Token Validation ΓÇ║ TC-4.1: Access token should contain valid JWT structure (12.7s)
  Γ£ÿ  20 [chromium] ΓÇ║ e2e\authentication-complete.spec.ts:503:3 ΓÇ║ Authentication - JWT Token Validation ΓÇ║ TC-4.3: JWT should contain sub (user ID) claim (18.6s)
  Γ£ÿ  21 [chromium] ΓÇ║ e2e\authentication-complete.spec.ts:524:3 ΓÇ║ Authentication - JWT Token Validation ΓÇ║ TC-4.4: JWT should have exp (expiration) claim (17.3s)
  Γ£ÿ  22 [chromium] ΓÇ║ e2e\authentication-complete.spec.ts:549:3 ΓÇ║ Authentication - JWT Token Validation ΓÇ║ TC-4.5: JWT should have iat (issued at) claim (17.3s)
  Γ£ÿ  23 [chromium] ΓÇ║ e2e\authentication-complete.spec.ts:578:3 ΓÇ║ Authentication - Permission & RBAC ΓÇ║ TC-5.1: Admin user should see all modules (11.9s)
  Γ£ô  27 [chromium] ΓÇ║ e2e\authentication-complete.spec.ts:688:3 ΓÇ║ Authentication - Edge Cases & Security ΓÇ║ TC-6.2: Should handle special characters in password (3.2s)
  Γ£ÿ  25 [chromium] ΓÇ║ e2e\authentication-complete.spec.ts:597:3 ΓÇ║ Authentication - Permission & RBAC ΓÇ║ TC-5.2: Dashboard should load without permission errors (11.9s)
  Γ£ÿ  24 [chromium] ΓÇ║ e2e\authentication-complete.spec.ts:622:3 ΓÇ║ Authentication - Permission & RBAC ΓÇ║ TC-5.3: Each module should be accessible (12.2s)
  Γ£ÿ  28 [chromium] ΓÇ║ e2e\authentication-complete.spec.ts:706:3 ΓÇ║ Authentication - Edge Cases & Security ΓÇ║ TC-6.3: Should not expose JWT in URL parameters (11.0s)
  Γ£ÿ  32 [chromium] ΓÇ║ e2e\authentication-complete.spec.ts:762:3 ΓÇ║ Authentication - Edge Cases & Security ΓÇ║ TC-6.6: Should prevent CSRF attacks (check for CSRF token) (11.7s)
  Γ£ô  26 [chromium] ΓÇ║ e2e\authentication-complete.spec.ts:663:3 ΓÇ║ Authentication - Edge Cases & Security ΓÇ║ TC-6.1: Should handle rapid successive login attempts (19.3s)
  Γ£ô  29 [chromium] ΓÇ║ e2e\authentication-complete.spec.ts:742:3 ΓÇ║ Authentication - Edge Cases & Security ΓÇ║ TC-6.5: Should handle very long password input (16.7s)
  Γ£ÿ  30 [chromium] ΓÇ║ e2e\authentication-complete.spec.ts:720:3 ΓÇ║ Authentication - Edge Cases & Security ΓÇ║ TC-6.4: Should not expose sensitive data in page source (23.5s)
  Γ£ÿ  31 [chromium] ΓÇ║ e2e\authentication-complete.spec.ts:786:3 ΓÇ║ Authentication - Concurrent Sessions ΓÇ║ TC-7.1: Should handle multiple concurrent login attempts from different tabs (22.0s)


  1) [chromium] ΓÇ║ e2e\authentication-complete.spec.ts:133:3 ΓÇ║ Authentication - Basic Login Flow ΓÇ║ TC-1.4: Should display error for non-existent user 

    Error: [2mexpect([22m[31mlocator[39m[2m).[22mtoBeVisible[2m([22m[2m)[22m failed

    Locator: locator('text=/invalid|incorrect|not found|error/i').first()
    Expected: visible
    Timeout: 5000ms
    Error: element(s) not found

    Call log:
    [2m  - Expect "toBeVisible" with timeout 5000ms[22m
    [2m  - waiting for locator('text=/invalid|incorrect|not found|error/i').first()[22m


      145 |     // Check for error
      146 |     const errorMessage = page.locator('text=/invalid|incorrect|not found|error/i');
    > 147 |     await expect(errorMessage.first()).toBeVisible();
          |                                        ^
      148 |     await expect(page).toHaveURL(LOGIN_URL);
      149 |   });
      150 |
        at C:\Users\saksh\OneDrive\Desktop\Bobs_Firebase\e2e\authentication-complete.spec.ts:147:40

    Error Context: test-results\authentication-complete-Au-56641-error-for-non-existent-user-chromium\error-context.md

  2) [chromium] ΓÇ║ e2e\authentication-complete.spec.ts:220:3 ΓÇ║ Authentication - Cookie Management ΓÇ║ TC-2.3: Access token should be httpOnly 

    TimeoutError: page.waitForURL: Timeout 10000ms exceeded.
    =========================== logs ===========================
    waiting for navigation until "load"
    ============================================================

      227 |
      228 |     // Wait for dashboard
    > 229 |     await page.waitForURL(/\/dashboard/, { timeout: 10000 });
          |                ^
      230 |
      231 |     // Check httpOnly flag
      232 |     const cookies = await context.cookies();
        at C:\Users\saksh\OneDrive\Desktop\Bobs_Firebase\e2e\authentication-complete.spec.ts:229:16

    Error Context: test-results\authentication-complete-Au-be119-ss-token-should-be-httpOnly-chromium\error-context.md

  3) [chromium] ΓÇ║ e2e\authentication-complete.spec.ts:258:3 ΓÇ║ Authentication - Cookie Management ΓÇ║ TC-2.5: Access token should have correct expiration (15 minutes) 

    TimeoutError: page.waitForURL: Timeout 10000ms exceeded.
    =========================== logs ===========================
    waiting for navigation until "load"
    ============================================================

      265 |
      266 |     // Wait for dashboard
    > 267 |     await page.waitForURL(/\/dashboard/, { timeout: 10000 });
          |                ^
      268 |
      269 |     // Get cookie
      270 |     const cookies = await context.cookies();
        at C:\Users\saksh\OneDrive\Desktop\Bobs_Firebase\e2e\authentication-complete.spec.ts:267:16

    Error Context: test-results\authentication-complete-Au-e0f1f-rect-expiration-15-minutes--chromium\error-context.md

  4) [chromium] ΓÇ║ e2e\authentication-complete.spec.ts:282:3 ΓÇ║ Authentication - Cookie Management ΓÇ║ TC-2.6: Refresh token should have correct expiration (7 days) 

    TimeoutError: page.waitForURL: Timeout 10000ms exceeded.
    =========================== logs ===========================
    waiting for navigation until "load"
    ============================================================

      289 |
      290 |     // Wait for dashboard
    > 291 |     await page.waitForURL(/\/dashboard/, { timeout: 10000 });
          |                ^
      292 |
      293 |     // Get cookie
      294 |     const cookies = await context.cookies();
        at C:\Users\saksh\OneDrive\Desktop\Bobs_Firebase\e2e\authentication-complete.spec.ts:291:16

    Error Context: test-results\authentication-complete-Au-ab777--correct-expiration-7-days--chromium\error-context.md

  5) [chromium] ΓÇ║ e2e\authentication-complete.spec.ts:311:3 ΓÇ║ Authentication - Session Management ΓÇ║ TC-3.1: Should maintain session across page reload 

    TimeoutError: page.waitForURL: Timeout 10000ms exceeded.
    =========================== logs ===========================
    waiting for navigation until "load"
    ============================================================

      317 |
      318 |     // Wait for dashboard
    > 319 |     await page.waitForURL(/\/dashboard/, { timeout: 10000 });
          |                ^
      320 |
      321 |     // Get current user info from page
      322 |     const beforeReload = await page.locator('text=admin@arcus.local, admin').first().isVisible().catch(() => false);
        at C:\Users\saksh\OneDrive\Desktop\Bobs_Firebase\e2e\authentication-complete.spec.ts:319:16

    Error Context: test-results\authentication-complete-Au-711de--session-across-page-reload-chromium\error-context.md

  6) [chromium] ΓÇ║ e2e\authentication-complete.spec.ts:335:3 ΓÇ║ Authentication - Session Management ΓÇ║ TC-3.2: Should persist session across multiple dashboard navigations 

    TimeoutError: page.waitForURL: Timeout 10000ms exceeded.
    =========================== logs ===========================
    waiting for navigation until "load"
    ============================================================

      341 |
      342 |     // Wait for dashboard
    > 343 |     await page.waitForURL(/\/dashboard/, { timeout: 10000 });
          |                ^
      344 |
      345 |     // Navigate to sales module
      346 |     await page.goto(`${DASHBOARD_URL}/sales`);
        at C:\Users\saksh\OneDrive\Desktop\Bobs_Firebase\e2e\authentication-complete.spec.ts:343:16

    Error Context: test-results\authentication-complete-Au-cb82c-tiple-dashboard-navigations-chromium\error-context.md

  7) [chromium] ΓÇ║ e2e\authentication-complete.spec.ts:364:3 ΓÇ║ Authentication - Session Management ΓÇ║ TC-3.3: Should not access dashboard without login 

    TimeoutError: page.waitForURL: Timeout 5000ms exceeded.
    =========================== logs ===========================
    waiting for navigation to "http://localhost:3000/login" until "load"
      navigated to "http://localhost:3000/dashboard"
    ============================================================

      370 |
      371 |     // Should be redirected to login
    > 372 |     await page.waitForURL(LOGIN_URL, { timeout: 5000 });
          |                ^
      373 |     await expect(page).toHaveURL(LOGIN_URL);
      374 |   });
      375 |
        at C:\Users\saksh\OneDrive\Desktop\Bobs_Firebase\e2e\authentication-complete.spec.ts:372:16

    Error Context: test-results\authentication-complete-Au-b2d42-ess-dashboard-without-login-chromium\error-context.md

  8) [chromium] ΓÇ║ e2e\authentication-complete.spec.ts:376:3 ΓÇ║ Authentication - Session Management ΓÇ║ TC-3.4: Should not access dashboard with invalid JWT token 

    TimeoutError: page.waitForURL: Timeout 5000ms exceeded.
    =========================== logs ===========================
    waiting for navigation to "http://localhost:3000/login" until "load"
      navigated to "http://localhost:3000/dashboard"
    ============================================================

      392 |
      393 |     // Should be redirected to login
    > 394 |     await page.waitForURL(LOGIN_URL, { timeout: 5000 });
          |                ^
      395 |     await expect(page).toHaveURL(LOGIN_URL);
      396 |   });
      397 |
        at C:\Users\saksh\OneDrive\Desktop\Bobs_Firebase\e2e\authentication-complete.spec.ts:394:16

    Error Context: test-results\authentication-complete-Au-9f22a-oard-with-invalid-JWT-token-chromium\error-context.md

  9) [chromium] ΓÇ║ e2e\authentication-complete.spec.ts:398:3 ΓÇ║ Authentication - Session Management ΓÇ║ TC-3.5: Should delete session on logout 

    TimeoutError: page.waitForURL: Timeout 10000ms exceeded.
    =========================== logs ===========================
    waiting for navigation until "load"
    ============================================================

      404 |
      405 |     // Wait for dashboard
    > 406 |     await page.waitForURL(/\/dashboard/, { timeout: 10000 });
          |                ^
      407 |
      408 |     // Verify cookies exist
      409 |     let cookies = await context.cookies();
        at C:\Users\saksh\OneDrive\Desktop\Bobs_Firebase\e2e\authentication-complete.spec.ts:406:16

    Error Context: test-results\authentication-complete-Au-13812-ld-delete-session-on-logout-chromium\error-context.md

  10) [chromium] ΓÇ║ e2e\authentication-complete.spec.ts:456:3 ΓÇ║ Authentication - JWT Token Validation ΓÇ║ TC-4.1: Access token should contain valid JWT structure 

    TimeoutError: page.waitForURL: Timeout 10000ms exceeded.
    =========================== logs ===========================
    waiting for navigation until "load"
    ============================================================

      462 |
      463 |     // Wait for dashboard
    > 464 |     await page.waitForURL(/\/dashboard/, { timeout: 10000 });
          |                ^
      465 |
      466 |     // Get token
      467 |     const cookies = await context.cookies();
        at C:\Users\saksh\OneDrive\Desktop\Bobs_Firebase\e2e\authentication-complete.spec.ts:464:16

    Error Context: test-results\authentication-complete-Au-68a3e-contain-valid-JWT-structure-chromium\error-context.md

  11) [chromium] ΓÇ║ e2e\authentication-complete.spec.ts:483:3 ΓÇ║ Authentication - JWT Token Validation ΓÇ║ TC-4.2: JWT should contain email claim 

    TimeoutError: page.waitForURL: Timeout 10000ms exceeded.
    =========================== logs ===========================
    waiting for navigation until "load"
    ============================================================

      489 |
      490 |     // Wait for dashboard
    > 491 |     await page.waitForURL(/\/dashboard/, { timeout: 10000 });
          |                ^
      492 |
      493 |     // Get token
      494 |     const cookies = await context.cookies();
        at C:\Users\saksh\OneDrive\Desktop\Bobs_Firebase\e2e\authentication-complete.spec.ts:491:16

    Error Context: test-results\authentication-complete-Au-1d79c--should-contain-email-claim-chromium\error-context.md

  12) [chromium] ΓÇ║ e2e\authentication-complete.spec.ts:503:3 ΓÇ║ Authentication - JWT Token Validation ΓÇ║ TC-4.3: JWT should contain sub (user ID) claim 

    TimeoutError: page.waitForURL: Timeout 10000ms exceeded.
    =========================== logs ===========================
    waiting for navigation until "load"
    ============================================================

      509 |
      510 |     // Wait for dashboard
    > 511 |     await page.waitForURL(/\/dashboard/, { timeout: 10000 });
          |                ^
      512 |
      513 |     // Get token
      514 |     const cookies = await context.cookies();
        at C:\Users\saksh\OneDrive\Desktop\Bobs_Firebase\e2e\authentication-complete.spec.ts:511:16

    Error Context: test-results\authentication-complete-Au-0075c-d-contain-sub-user-ID-claim-chromium\error-context.md

  13) [chromium] ΓÇ║ e2e\authentication-complete.spec.ts:524:3 ΓÇ║ Authentication - JWT Token Validation ΓÇ║ TC-4.4: JWT should have exp (expiration) claim 

    TimeoutError: page.waitForURL: Timeout 10000ms exceeded.
    =========================== logs ===========================
    waiting for navigation until "load"
    ============================================================

      530 |
      531 |     // Wait for dashboard
    > 532 |     await page.waitForURL(/\/dashboard/, { timeout: 10000 });
          |                ^
      533 |
      534 |     // Get token
      535 |     const cookies = await context.cookies();
        at C:\Users\saksh\OneDrive\Desktop\Bobs_Firebase\e2e\authentication-complete.spec.ts:532:16

    Error Context: test-results\authentication-complete-Au-5feb3-d-have-exp-expiration-claim-chromium\error-context.md

  14) [chromium] ΓÇ║ e2e\authentication-complete.spec.ts:549:3 ΓÇ║ Authentication - JWT Token Validation ΓÇ║ TC-4.5: JWT should have iat (issued at) claim 

    TimeoutError: page.waitForURL: Timeout 10000ms exceeded.
    =========================== logs ===========================
    waiting for navigation until "load"
    ============================================================

      555 |
      556 |     // Wait for dashboard
    > 557 |     await page.waitForURL(/\/dashboard/, { timeout: 10000 });
          |                ^
      558 |
      559 |     // Get token
      560 |     const cookies = await context.cookies();
        at C:\Users\saksh\OneDrive\Desktop\Bobs_Firebase\e2e\authentication-complete.spec.ts:557:16

    Error Context: test-results\authentication-complete-Au-54a7b-ld-have-iat-issued-at-claim-chromium\error-context.md

  15) [chromium] ΓÇ║ e2e\authentication-complete.spec.ts:578:3 ΓÇ║ Authentication - Permission & RBAC ΓÇ║ TC-5.1: Admin user should see all modules 

    TimeoutError: page.waitForURL: Timeout 10000ms exceeded.
    =========================== logs ===========================
    waiting for navigation until "load"
    ============================================================

      584 |
      585 |     // Wait for dashboard
    > 586 |     await page.waitForURL(/\/dashboard/, { timeout: 10000 });
          |                ^
      587 |
      588 |     // Check for module links
      589 |     const expectedModules = ['Vendor', 'Inventory', 'Sales', 'Stores', 'HRMS', 'User Management'];
        at C:\Users\saksh\OneDrive\Desktop\Bobs_Firebase\e2e\authentication-complete.spec.ts:586:16

    Error Context: test-results\authentication-complete-Au-380a6-user-should-see-all-modules-chromium\error-context.md

  16) [chromium] ΓÇ║ e2e\authentication-complete.spec.ts:597:3 ΓÇ║ Authentication - Permission & RBAC ΓÇ║ TC-5.2: Dashboard should load without permission errors 

    TimeoutError: page.waitForURL: Timeout 10000ms exceeded.
    =========================== logs ===========================
    waiting for navigation until "load"
    ============================================================

      603 |
      604 |     // Wait for dashboard
    > 605 |     await page.waitForURL(/\/dashboard/, { timeout: 10000 });
          |                ^
      606 |
      607 |     // Check console for permission errors
      608 |     let consoleErrors: string[] = [];
        at C:\Users\saksh\OneDrive\Desktop\Bobs_Firebase\e2e\authentication-complete.spec.ts:605:16

    Error Context: test-results\authentication-complete-Au-66723-d-without-permission-errors-chromium\error-context.md

  17) [chromium] ΓÇ║ e2e\authentication-complete.spec.ts:622:3 ΓÇ║ Authentication - Permission & RBAC ΓÇ║ TC-5.3: Each module should be accessible 

    TimeoutError: page.waitForURL: Timeout 10000ms exceeded.
    =========================== logs ===========================
    waiting for navigation until "load"
    ============================================================

      628 |
      629 |     // Wait for dashboard
    > 630 |     await page.waitForURL(/\/dashboard/, { timeout: 10000 });
          |                ^
      631 |
      632 |     // Test each module
      633 |     const modules = [
        at C:\Users\saksh\OneDrive\Desktop\Bobs_Firebase\e2e\authentication-complete.spec.ts:630:16

    Error Context: test-results\authentication-complete-Au-25cce-module-should-be-accessible-chromium\error-context.md

  18) [chromium] ΓÇ║ e2e\authentication-complete.spec.ts:706:3 ΓÇ║ Authentication - Edge Cases & Security ΓÇ║ TC-6.3: Should not expose JWT in URL parameters 

    TimeoutError: page.waitForURL: Timeout 10000ms exceeded.
    =========================== logs ===========================
    waiting for navigation until "load"
    ============================================================

      711 |
      712 |     // Wait for navigation
    > 713 |     await page.waitForURL(/\/dashboard/, { timeout: 10000 });
          |                ^
      714 |
      715 |     // Check URL for any JWT tokens
      716 |     const url = page.url();
        at C:\Users\saksh\OneDrive\Desktop\Bobs_Firebase\e2e\authentication-complete.spec.ts:713:16

    Error Context: test-results\authentication-complete-Au-dec63-xpose-JWT-in-URL-parameters-chromium\error-context.md

  19) [chromium] ΓÇ║ e2e\authentication-complete.spec.ts:720:3 ΓÇ║ Authentication - Edge Cases & Security ΓÇ║ TC-6.4: Should not expose sensitive data in page source 

    TimeoutError: page.waitForURL: Timeout 10000ms exceeded.
    =========================== logs ===========================
    waiting for navigation until "load"
    ============================================================

      725 |
      726 |     // Wait for dashboard
    > 727 |     await page.waitForURL(/\/dashboard/, { timeout: 10000 });
          |                ^
      728 |
      729 |     // Get page HTML
      730 |     const pageContent = await page.content();
        at C:\Users\saksh\OneDrive\Desktop\Bobs_Firebase\e2e\authentication-complete.spec.ts:727:16

    Error Context: test-results\authentication-complete-Au-50b2a-nsitive-data-in-page-source-chromium\error-context.md

  20) [chromium] ΓÇ║ e2e\authentication-complete.spec.ts:762:3 ΓÇ║ Authentication - Edge Cases & Security ΓÇ║ TC-6.6: Should prevent CSRF attacks (check for CSRF token) 

    Error: [2mexpect([22m[31mreceived[39m[2m).[22mtoBeGreaterThan[2m([22m[32mexpected[39m[2m)[22m

    Expected: > [32m0[39m
    Received:   [31m0[39m

      768 |     // Check if form has CSRF token or uses secure method
      769 |     const formCount = await forms.count();
    > 770 |     expect(formCount).toBeGreaterThan(0);
          |                       ^
      771 |
      772 |     // Check for hidden CSRF token input
      773 |     const csrfTokenInput = page.locator('input[name*="csrf"], input[name*="token"], input[name*="nonce"]').first();
        at C:\Users\saksh\OneDrive\Desktop\Bobs_Firebase\e2e\authentication-complete.spec.ts:770:23

    Error Context: test-results\authentication-complete-Au-9ae02-tacks-check-for-CSRF-token--chromium\error-context.md

  21) [chromium] ΓÇ║ e2e\authentication-complete.spec.ts:786:3 ΓÇ║ Authentication - Concurrent Sessions ΓÇ║ TC-7.1: Should handle multiple concurrent login attempts from different tabs 

    TimeoutError: page.waitForURL: Timeout 10000ms exceeded.
    =========================== logs ===========================
    waiting for navigation until "load"
    ============================================================

      809 |
      810 |     // Wait for both to complete
    > 811 |     await page1.waitForURL(/\/dashboard/, { timeout: 10000 });
          |                 ^
      812 |     await page2.waitForURL(/\/dashboard/, { timeout: 10000 });
      813 |
      814 |     // Both should be logged in
        at C:\Users\saksh\OneDrive\Desktop\Bobs_Firebase\e2e\authentication-complete.spec.ts:811:17

    Error Context: test-results\authentication-complete-Au-7cca8-ttempts-from-different-tabs-chromium\error-context.md

  21 failed
    [chromium] ΓÇ║ e2e\authentication-complete.spec.ts:133:3 ΓÇ║ Authentication - Basic Login Flow ΓÇ║ TC-1.4: Should display error for non-existent user 
    [chromium] ΓÇ║ e2e\authentication-complete.spec.ts:220:3 ΓÇ║ Authentication - Cookie Management ΓÇ║ TC-2.3: Access token should be httpOnly 
    [chromium] ΓÇ║ e2e\authentication-complete.spec.ts:258:3 ΓÇ║ Authentication - Cookie Management ΓÇ║ TC-2.5: Access token should have correct expiration (15 minutes) 
    [chromium] ΓÇ║ e2e\authentication-complete.spec.ts:282:3 ΓÇ║ Authentication - Cookie Management ΓÇ║ TC-2.6: Refresh token should have correct expiration (7 days) 
    [chromium] ΓÇ║ e2e\authentication-complete.spec.ts:311:3 ΓÇ║ Authentication - Session Management ΓÇ║ TC-3.1: Should maintain session across page reload 
    [chromium] ΓÇ║ e2e\authentication-complete.spec.ts:335:3 ΓÇ║ Authentication - Session Management ΓÇ║ TC-3.2: Should persist session across multiple dashboard navigations 
    [chromium] ΓÇ║ e2e\authentication-complete.spec.ts:364:3 ΓÇ║ Authentication - Session Management ΓÇ║ TC-3.3: Should not access dashboard without login 
    [chromium] ΓÇ║ e2e\authentication-complete.spec.ts:376:3 ΓÇ║ Authentication - Session Management ΓÇ║ TC-3.4: Should not access dashboard with invalid JWT token 
    [chromium] ΓÇ║ e2e\authentication-complete.spec.ts:398:3 ΓÇ║ Authentication - Session Management ΓÇ║ TC-3.5: Should delete session on logout 
    [chromium] ΓÇ║ e2e\authentication-complete.spec.ts:456:3 ΓÇ║ Authentication - JWT Token Validation ΓÇ║ TC-4.1: Access token should contain valid JWT structure 
    [chromium] ΓÇ║ e2e\authentication-complete.spec.ts:483:3 ΓÇ║ Authentication - JWT Token Validation ΓÇ║ TC-4.2: JWT should contain email claim 
    [chromium] ΓÇ║ e2e\authentication-complete.spec.ts:503:3 ΓÇ║ Authentication - JWT Token Validation ΓÇ║ TC-4.3: JWT should contain sub (user ID) claim 
    [chromium] ΓÇ║ e2e\authentication-complete.spec.ts:524:3 ΓÇ║ Authentication - JWT Token Validation ΓÇ║ TC-4.4: JWT should have exp (expiration) claim 
    [chromium] ΓÇ║ e2e\authentication-complete.spec.ts:549:3 ΓÇ║ Authentication - JWT Token Validation ΓÇ║ TC-4.5: JWT should have iat (issued at) claim 
    [chromium] ΓÇ║ e2e\authentication-complete.spec.ts:578:3 ΓÇ║ Authentication - Permission & RBAC ΓÇ║ TC-5.1: Admin user should see all modules 
    [chromium] ΓÇ║ e2e\authentication-complete.spec.ts:597:3 ΓÇ║ Authentication - Permission & RBAC ΓÇ║ TC-5.2: Dashboard should load without permission errors 
    [chromium] ΓÇ║ e2e\authentication-complete.spec.ts:622:3 ΓÇ║ Authentication - Permission & RBAC ΓÇ║ TC-5.3: Each module should be accessible 
    [chromium] ΓÇ║ e2e\authentication-complete.spec.ts:706:3 ΓÇ║ Authentication - Edge Cases & Security ΓÇ║ TC-6.3: Should not expose JWT in URL parameters 
    [chromium] ΓÇ║ e2e\authentication-complete.spec.ts:720:3 ΓÇ║ Authentication - Edge Cases & Security ΓÇ║ TC-6.4: Should not expose sensitive data in page source 
    [chromium] ΓÇ║ e2e\authentication-complete.spec.ts:762:3 ΓÇ║ Authentication - Edge Cases & Security ΓÇ║ TC-6.6: Should prevent CSRF attacks (check for CSRF token) 
    [chromium] ΓÇ║ e2e\authentication-complete.spec.ts:786:3 ΓÇ║ Authentication - Concurrent Sessions ΓÇ║ TC-7.1: Should handle multiple concurrent login attempts from different tabs 
  11 passed (1.4m)
