
Running 21 tests using 6 workers

[1A[2K[1/21] [chromium] ΓÇ║ e2e\users.spec.ts:102:3 ΓÇ║ User Management Module - Admin Only ΓÇ║ Admin can toggle password visibility
[1A[2K[2/21] [chromium] ΓÇ║ e2e\users.spec.ts:129:3 ΓÇ║ User Management Module - Admin Only ΓÇ║ Admin can edit user roles and designation
[1A[2K[3/21] [chromium] ΓÇ║ e2e\users.spec.ts:40:3 ΓÇ║ User Management Module - Admin Only ΓÇ║ Admin can create user with generated password
[1A[2K[4/21] [chromium] ΓÇ║ e2e\users.spec.ts:24:3 ΓÇ║ User Management Module - Admin Only ΓÇ║ Admin can access User Management page
[1A[2K[5/21] [chromium] ΓÇ║ e2e\users.spec.ts:81:3 ΓÇ║ User Management Module - Admin Only ΓÇ║ Password generator creates valid passwords
[1A[2K[6/21] [chromium] ΓÇ║ e2e\users.spec.ts:172:3 ΓÇ║ User Management Module - Admin Only ΓÇ║ Admin can assign reporting manager
[1A[2K[chromium] ΓÇ║ e2e\users.spec.ts:81:3 ΓÇ║ User Management Module - Admin Only ΓÇ║ Password generator creates valid passwords
Login redirect failed, current URL: http://localhost:3000/login

[1A[2K[chromium] ΓÇ║ e2e\users.spec.ts:102:3 ΓÇ║ User Management Module - Admin Only ΓÇ║ Admin can toggle password visibility
Login redirect failed, current URL: http://localhost:3000/login

[1A[2K[chromium] ΓÇ║ e2e\users.spec.ts:172:3 ΓÇ║ User Management Module - Admin Only ΓÇ║ Admin can assign reporting manager
Login redirect failed, current URL: http://localhost:3000/login

[1A[2K[chromium] ΓÇ║ e2e\users.spec.ts:40:3 ΓÇ║ User Management Module - Admin Only ΓÇ║ Admin can create user with generated password
Login redirect failed, current URL: http://localhost:3000/login

node.exe : [1A[2K[chromium] ΓÇ║ e2e\users.spec.ts:102:3 ΓÇ║ User Management Module - Admin Only ΓÇ║ Admin can toggle password visibility
At line:1 char:1
+ & "C:\Program Files\nodejs/node.exe" "C:\Users\saksh\AppData\Roaming\ ...
+ ~~~~~~~~~~~~~~~~~~~~~~~~~~~~~~~~~~~~~~~~~~~~~~~~~~~~~~~~~~~~~~~~~~~~~
    + CategoryInfo          : NotSpecified: ([1A[2K[chromi...word visibility:String) [], RemoteException
    + FullyQualifiedErrorId : NativeCommandError
 
Not on dashboard after login. Current URL: http://localhost:3000/login

[1A[2K[chromium] ΓÇ║ e2e\users.spec.ts:81:3 ΓÇ║ User Management Module - Admin Only ΓÇ║ Password generator creates valid passwords
Not on dashboard after login. Current URL: http://localhost:3000/login

[1A[2K[chromium] ΓÇ║ e2e\users.spec.ts:172:3 ΓÇ║ User Management Module - Admin Only ΓÇ║ Admin can assign reporting manager

Not on dashboard after login. Current URL: http://localhost:3000/login
[1A[2K[chromium] ΓÇ║ e2e\users.spec.ts:40:3 ΓÇ║ User Management Module - Admin Only ΓÇ║ Admin can create user with generated password
Not on dashboard after login. Current URL: http://localhost:3000/login

[1A[2K[chromium] ΓÇ║ e2e\users.spec.ts:129:3 ΓÇ║ User Management Module - Admin Only ΓÇ║ Admin can edit user roles and designation
Login redirect failed, current URL: http://localhost:3000/login

[1A[2K[chromium] ΓÇ║ e2e\users.spec.ts:24:3 ΓÇ║ User Management Module - Admin Only ΓÇ║ Admin can access User Management page
Login redirect failed, current URL: http://localhost:3000/login

[1A[2K[chromium] ΓÇ║ e2e\users.spec.ts:129:3 ΓÇ║ User Management Module - Admin Only ΓÇ║ Admin can edit user roles and designation
Not on dashboard after login. Current URL: http://localhost:3000/login

[1A[2K[chromium] ΓÇ║ e2e\users.spec.ts:24:3 ΓÇ║ User Management Module - Admin Only ΓÇ║ Admin can access User Management page
Not on dashboard after login. Current URL: http://localhost:3000/login

[1A[2K  1) [chromium] ΓÇ║ e2e\users.spec.ts:81:3 ΓÇ║ User Management Module - Admin Only ΓÇ║ Password generator creates valid passwords 

    Error: Unknown module: Users

       at helpers.ts:105

      103 |   const url = moduleMap[module.toLowerCase()];
      104 |   if (!url) {
    > 105 |     throw new Error(`Unknown module: ${module}`);
          |           ^
      106 |   }
      107 |   
      108 |   await page.goto(`http://localhost:3000${url}`);
        at navigateToModule (C:\Users\saksh\OneDrive\Desktop\Bobs_Firebase\e2e\helpers.ts:105:11)
        at C:\Users\saksh\OneDrive\Desktop\Bobs_Firebase\e2e\users.spec.ts:82:11

    [31mTest timeout of 30000ms exceeded while running "afterEach" hook.[39m

      17 |   });
      18 |
    > 19 |   test.afterEach(async ({ page }) => {
         |        ^
      20 |     // Cleanup: logout after each test
      21 |     await logout(page);
      22 |   });
        at C:\Users\saksh\OneDrive\Desktop\Bobs_Firebase\e2e\users.spec.ts:19:8

    Error: page.click: Test ended.
    Call log:
    [2m  - waiting for locator('text=Sign Out')[22m


       at helpers.ts:66

      64 |     page.click('button:has-text("Menu")');
      65 |   });
    > 66 |   await page.click('text=Sign Out');
         |              ^
      67 |   await page.waitForURL('**/login');
      68 | }
      69 |
        at logout (C:\Users\saksh\OneDrive\Desktop\Bobs_Firebase\e2e\helpers.ts:66:14)
        at C:\Users\saksh\OneDrive\Desktop\Bobs_Firebase\e2e\users.spec.ts:21:5

    Error: page.click: Test ended.
    Call log:
    [2m  - waiting for locator('button:has-text("Menu")')[22m


       at helpers.ts:64

      62 |   await page.click('[aria-label="User menu"]').catch(() => {
      63 |     // Fallback if aria-label doesn't exist
    > 64 |     page.click('button:has-text("Menu")');
         |          ^
      65 |   });
      66 |   await page.click('text=Sign Out');
      67 |   await page.waitForURL('**/login');
        at C:\Users\saksh\OneDrive\Desktop\Bobs_Firebase\e2e\helpers.ts:64:10
        at logout (C:\Users\saksh\OneDrive\Desktop\Bobs_Firebase\e2e\helpers.ts:62:3)
        at C:\Users\saksh\OneDrive\Desktop\Bobs_Firebase\e2e\users.spec.ts:21:5

    Error Context: test-results\users-User-Management-Modu-7c6ab-tor-creates-valid-passwords-chromium\error-context.md


[1A[2K  2) [chromium] ΓÇ║ e2e\users.spec.ts:172:3 ΓÇ║ User Management Module - Admin Only ΓÇ║ Admin can assign reporting manager 

    Error: Unknown module: Users

       at helpers.ts:105

      103 |   const url = moduleMap[module.toLowerCase()];
      104 |   if (!url) {
    > 105 |     throw new Error(`Unknown module: ${module}`);
          |           ^
      106 |   }
      107 |   
      108 |   await page.goto(`http://localhost:3000${url}`);
        at navigateToModule (C:\Users\saksh\OneDrive\Desktop\Bobs_Firebase\e2e\helpers.ts:105:11)
        at C:\Users\saksh\OneDrive\Desktop\Bobs_Firebase\e2e\users.spec.ts:173:11

    [31mTest timeout of 30000ms exceeded while running "afterEach" hook.[39m

      17 |   });
      18 |
    > 19 |   test.afterEach(async ({ page }) => {
         |        ^
      20 |     // Cleanup: logout after each test
      21 |     await logout(page);
      22 |   });
        at C:\Users\saksh\OneDrive\Desktop\Bobs_Firebase\e2e\users.spec.ts:19:8

    Error: page.click: Test ended.
    Call log:
    [2m  - waiting for locator('button:has-text("Menu")')[22m


       at helpers.ts:64

      62 |   await page.click('[aria-label="User menu"]').catch(() => {
      63 |     // Fallback if aria-label doesn't exist
    > 64 |     page.click('button:has-text("Menu")');
         |          ^
      65 |   });
      66 |   await page.click('text=Sign Out');
      67 |   await page.waitForURL('**/login');
        at C:\Users\saksh\OneDrive\Desktop\Bobs_Firebase\e2e\helpers.ts:64:10
        at logout (C:\Users\saksh\OneDrive\Desktop\Bobs_Firebase\e2e\helpers.ts:62:3)
        at C:\Users\saksh\OneDrive\Desktop\Bobs_Firebase\e2e\users.spec.ts:21:5

    Error: page.click: Test ended.
    Call log:
    [2m  - waiting for locator('text=Sign Out')[22m


       at helpers.ts:66

      64 |     page.click('button:has-text("Menu")');
      65 |   });
    > 66 |   await page.click('text=Sign Out');
         |              ^
      67 |   await page.waitForURL('**/login');
      68 | }
      69 |
        at logout (C:\Users\saksh\OneDrive\Desktop\Bobs_Firebase\e2e\helpers.ts:66:14)
        at C:\Users\saksh\OneDrive\Desktop\Bobs_Firebase\e2e\users.spec.ts:21:5

    Error Context: test-results\users-User-Management-Modu-8d4ff-an-assign-reporting-manager-chromium\error-context.md


[1A[2K  3) [chromium] ΓÇ║ e2e\users.spec.ts:102:3 ΓÇ║ User Management Module - Admin Only ΓÇ║ Admin can toggle password visibility 

    Error: Unknown module: Users

       at helpers.ts:105

      103 |   const url = moduleMap[module.toLowerCase()];
      104 |   if (!url) {
    > 105 |     throw new Error(`Unknown module: ${module}`);
          |           ^
      106 |   }
      107 |   
      108 |   await page.goto(`http://localhost:3000${url}`);
        at navigateToModule (C:\Users\saksh\OneDrive\Desktop\Bobs_Firebase\e2e\helpers.ts:105:11)
        at C:\Users\saksh\OneDrive\Desktop\Bobs_Firebase\e2e\users.spec.ts:103:11

    [31mTest timeout of 30000ms exceeded while running "afterEach" hook.[39m

      17 |   });
      18 |
    > 19 |   test.afterEach(async ({ page }) => {
         |        ^
      20 |     // Cleanup: logout after each test
      21 |     await logout(page);
      22 |   });
        at C:\Users\saksh\OneDrive\Desktop\Bobs_Firebase\e2e\users.spec.ts:19:8

    Error: page.click: Test ended.
    Call log:
    [2m  - waiting for locator('text=Sign Out')[22m


       at helpers.ts:66

      64 |     page.click('button:has-text("Menu")');
      65 |   });
    > 66 |   await page.click('text=Sign Out');
         |              ^
      67 |   await page.waitForURL('**/login');
      68 | }
      69 |
        at logout (C:\Users\saksh\OneDrive\Desktop\Bobs_Firebase\e2e\helpers.ts:66:14)
        at C:\Users\saksh\OneDrive\Desktop\Bobs_Firebase\e2e\users.spec.ts:21:5

    Error: page.click: Test ended.
    Call log:
    [2m  - waiting for locator('button:has-text("Menu")')[22m


       at helpers.ts:64

      62 |   await page.click('[aria-label="User menu"]').catch(() => {
      63 |     // Fallback if aria-label doesn't exist
    > 64 |     page.click('button:has-text("Menu")');
         |          ^
      65 |   });
      66 |   await page.click('text=Sign Out');
      67 |   await page.waitForURL('**/login');
        at C:\Users\saksh\OneDrive\Desktop\Bobs_Firebase\e2e\helpers.ts:64:10
        at logout (C:\Users\saksh\OneDrive\Desktop\Bobs_Firebase\e2e\helpers.ts:62:3)
        at C:\Users\saksh\OneDrive\Desktop\Bobs_Firebase\e2e\users.spec.ts:21:5

    Error Context: test-results\users-User-Management-Modu-8e1de--toggle-password-visibility-chromium\error-context.md


[1A[2K  4) [chromium] ΓÇ║ e2e\users.spec.ts:40:3 ΓÇ║ User Management Module - Admin Only ΓÇ║ Admin can create user with generated password 

    Error: Unknown module: Users

       at helpers.ts:105

      103 |   const url = moduleMap[module.toLowerCase()];
      104 |   if (!url) {
    > 105 |     throw new Error(`Unknown module: ${module}`);
          |           ^
      106 |   }
      107 |   
      108 |   await page.goto(`http://localhost:3000${url}`);
        at navigateToModule (C:\Users\saksh\OneDrive\Desktop\Bobs_Firebase\e2e\helpers.ts:105:11)
        at C:\Users\saksh\OneDrive\Desktop\Bobs_Firebase\e2e\users.spec.ts:41:11

    [31mTest timeout of 30000ms exceeded while running "afterEach" hook.[39m

      17 |   });
      18 |
    > 19 |   test.afterEach(async ({ page }) => {
         |        ^
      20 |     // Cleanup: logout after each test
      21 |     await logout(page);
      22 |   });
        at C:\Users\saksh\OneDrive\Desktop\Bobs_Firebase\e2e\users.spec.ts:19:8

    Error: page.click: Test ended.
    Call log:
    [2m  - waiting for locator('button:has-text("Menu")')[22m


       at helpers.ts:64

      62 |   await page.click('[aria-label="User menu"]').catch(() => {
      63 |     // Fallback if aria-label doesn't exist
    > 64 |     page.click('button:has-text("Menu")');
         |          ^
      65 |   });
      66 |   await page.click('text=Sign Out');
      67 |   await page.waitForURL('**/login');
        at C:\Users\saksh\OneDrive\Desktop\Bobs_Firebase\e2e\helpers.ts:64:10
        at logout (C:\Users\saksh\OneDrive\Desktop\Bobs_Firebase\e2e\helpers.ts:62:3)
        at C:\Users\saksh\OneDrive\Desktop\Bobs_Firebase\e2e\users.spec.ts:21:5

    Error: page.click: Test ended.
    Call log:
    [2m  - waiting for locator('text=Sign Out')[22m


       at helpers.ts:66

      64 |     page.click('button:has-text("Menu")');
      65 |   });
    > 66 |   await page.click('text=Sign Out');
         |              ^
      67 |   await page.waitForURL('**/login');
      68 | }
      69 |
        at logout (C:\Users\saksh\OneDrive\Desktop\Bobs_Firebase\e2e\helpers.ts:66:14)
        at C:\Users\saksh\OneDrive\Desktop\Bobs_Firebase\e2e\users.spec.ts:21:5

    Error Context: test-results\users-User-Management-Modu-7b79d-ser-with-generated-password-chromium\error-context.md


[1A[2K  5) [chromium] ΓÇ║ e2e\users.spec.ts:129:3 ΓÇ║ User Management Module - Admin Only ΓÇ║ Admin can edit user roles and designation 

    Error: Unknown module: Users

       at helpers.ts:105

      103 |   const url = moduleMap[module.toLowerCase()];
      104 |   if (!url) {
    > 105 |     throw new Error(`Unknown module: ${module}`);
          |           ^
      106 |   }
      107 |   
      108 |   await page.goto(`http://localhost:3000${url}`);
        at navigateToModule (C:\Users\saksh\OneDrive\Desktop\Bobs_Firebase\e2e\helpers.ts:105:11)
        at C:\Users\saksh\OneDrive\Desktop\Bobs_Firebase\e2e\users.spec.ts:130:11

    [31mTest timeout of 30000ms exceeded while running "afterEach" hook.[39m

      17 |   });
      18 |
    > 19 |   test.afterEach(async ({ page }) => {
         |        ^
      20 |     // Cleanup: logout after each test
      21 |     await logout(page);
      22 |   });
        at C:\Users\saksh\OneDrive\Desktop\Bobs_Firebase\e2e\users.spec.ts:19:8

    Error: page.click: Test ended.
    Call log:
    [2m  - waiting for locator('text=Sign Out')[22m


       at helpers.ts:66

      64 |     page.click('button:has-text("Menu")');
      65 |   });
    > 66 |   await page.click('text=Sign Out');
         |              ^
      67 |   await page.waitForURL('**/login');
      68 | }
      69 |
        at logout (C:\Users\saksh\OneDrive\Desktop\Bobs_Firebase\e2e\helpers.ts:66:14)
        at C:\Users\saksh\OneDrive\Desktop\Bobs_Firebase\e2e\users.spec.ts:21:5

    Error: page.click: Test ended.
    Call log:
    [2m  - waiting for locator('button:has-text("Menu")')[22m


       at helpers.ts:64

      62 |   await page.click('[aria-label="User menu"]').catch(() => {
      63 |     // Fallback if aria-label doesn't exist
    > 64 |     page.click('button:has-text("Menu")');
         |          ^
      65 |   });
      66 |   await page.click('text=Sign Out');
      67 |   await page.waitForURL('**/login');
        at C:\Users\saksh\OneDrive\Desktop\Bobs_Firebase\e2e\helpers.ts:64:10
        at logout (C:\Users\saksh\OneDrive\Desktop\Bobs_Firebase\e2e\helpers.ts:62:3)
        at C:\Users\saksh\OneDrive\Desktop\Bobs_Firebase\e2e\users.spec.ts:21:5

    Error Context: test-results\users-User-Management-Modu-3e52b--user-roles-and-designation-chromium\error-context.md


[1A[2K  6) [chromium] ΓÇ║ e2e\users.spec.ts:24:3 ΓÇ║ User Management Module - Admin Only ΓÇ║ Admin can access User Management page 

    Error: Unknown module: Users

       at helpers.ts:105

      103 |   const url = moduleMap[module.toLowerCase()];
      104 |   if (!url) {
    > 105 |     throw new Error(`Unknown module: ${module}`);
          |           ^
      106 |   }
      107 |   
      108 |   await page.goto(`http://localhost:3000${url}`);
        at navigateToModule (C:\Users\saksh\OneDrive\Desktop\Bobs_Firebase\e2e\helpers.ts:105:11)
        at C:\Users\saksh\OneDrive\Desktop\Bobs_Firebase\e2e\users.spec.ts:26:11

    [31mTest timeout of 30000ms exceeded while running "afterEach" hook.[39m

      17 |   });
      18 |
    > 19 |   test.afterEach(async ({ page }) => {
         |        ^
      20 |     // Cleanup: logout after each test
      21 |     await logout(page);
      22 |   });
        at C:\Users\saksh\OneDrive\Desktop\Bobs_Firebase\e2e\users.spec.ts:19:8

    Error: page.click: Test ended.
    Call log:
    [2m  - waiting for locator('button:has-text("Menu")')[22m


       at helpers.ts:64

      62 |   await page.click('[aria-label="User menu"]').catch(() => {
      63 |     // Fallback if aria-label doesn't exist
    > 64 |     page.click('button:has-text("Menu")');
         |          ^
      65 |   });
      66 |   await page.click('text=Sign Out');
      67 |   await page.waitForURL('**/login');
        at C:\Users\saksh\OneDrive\Desktop\Bobs_Firebase\e2e\helpers.ts:64:10
        at logout (C:\Users\saksh\OneDrive\Desktop\Bobs_Firebase\e2e\helpers.ts:62:3)
        at C:\Users\saksh\OneDrive\Desktop\Bobs_Firebase\e2e\users.spec.ts:21:5

    Error: page.click: Test ended.
    Call log:
    [2m  - waiting for locator('text=Sign Out')[22m


       at helpers.ts:66

      64 |     page.click('button:has-text("Menu")');
      65 |   });
    > 66 |   await page.click('text=Sign Out');
         |              ^
      67 |   await page.waitForURL('**/login');
      68 | }
      69 |
        at logout (C:\Users\saksh\OneDrive\Desktop\Bobs_Firebase\e2e\helpers.ts:66:14)
        at C:\Users\saksh\OneDrive\Desktop\Bobs_Firebase\e2e\users.spec.ts:21:5

    Error Context: test-results\users-User-Management-Modu-924e9-access-User-Management-page-chromium\error-context.md


[1A[2K[7/21] [chromium] ΓÇ║ e2e\users.spec.ts:206:3 ΓÇ║ User Management Module - Admin Only ΓÇ║ Admin can delete user
[1A[2K[8/21] [chromium] ΓÇ║ e2e\users.spec.ts:253:3 ΓÇ║ User Management Module - Admin Only ΓÇ║ Admin can select role for a user
[1A[2K[9/21] [chromium] ΓÇ║ e2e\users.spec.ts:237:3 ΓÇ║ User Management Module - Admin Only ΓÇ║ Admin cannot delete own account
[1A[2K[10/21] [chromium] ΓÇ║ e2e\users.spec.ts:311:3 ΓÇ║ User Management Module - Admin Only ΓÇ║ Table displays user information correctly
[1A[2K[11/21] [chromium] ΓÇ║ e2e\users.spec.ts:283:3 ΓÇ║ User Management Module - Admin Only ΓÇ║ Form validation works correctly
[1A[2K[12/21] [chromium] ΓÇ║ e2e\users.spec.ts:333:3 ΓÇ║ User Management Module - Admin Only ΓÇ║ Click-to-edit opens dialog with correct user data
[1A[2K[chromium] ΓÇ║ e2e\users.spec.ts:311:3 ΓÇ║ User Management Module - Admin Only ΓÇ║ Table displays user information correctly
Login redirect failed, current URL: http://localhost:3000/login

[1A[2K[chromium] ΓÇ║ e2e\users.spec.ts:237:3 ΓÇ║ User Management Module - Admin Only ΓÇ║ Admin cannot delete own account
Login redirect failed, current URL: http://localhost:3000/login

[1A[2K[chromium] ΓÇ║ e2e\users.spec.ts:206:3 ΓÇ║ User Management Module - Admin Only ΓÇ║ Admin can delete user
Login redirect failed, current URL: http://localhost:3000/login

[1A[2K[chromium] ΓÇ║ e2e\users.spec.ts:253:3 ΓÇ║ User Management Module - Admin Only ΓÇ║ Admin can select role for a user
Login redirect failed, current URL: http://localhost:3000/login

[1A[2K[chromium] ΓÇ║ e2e\users.spec.ts:283:3 ΓÇ║ User Management Module - Admin Only ΓÇ║ Form validation works correctly
Login redirect failed, current URL: http://localhost:3000/login

[1A[2K[chromium] ΓÇ║ e2e\users.spec.ts:333:3 ΓÇ║ User Management Module - Admin Only ΓÇ║ Click-to-edit opens dialog with correct user data
Login redirect failed, current URL: http://localhost:3000/login

[1A[2K[chromium] ΓÇ║ e2e\users.spec.ts:206:3 ΓÇ║ User Management Module - Admin Only ΓÇ║ Admin can delete user
Not on dashboard after login. Current URL: http://localhost:3000/login

[1A[2K[chromium] ΓÇ║ e2e\users.spec.ts:311:3 ΓÇ║ User Management Module - Admin Only ΓÇ║ Table displays user information correctly
Not on dashboard after login. Current URL: http://localhost:3000/login

[1A[2K[chromium] ΓÇ║ e2e\users.spec.ts:237:3 ΓÇ║ User Management Module - Admin Only ΓÇ║ Admin cannot delete own account

Not on dashboard after login. Current URL: http://localhost:3000/login

[1A[2K[chromium] ΓÇ║ e2e\users.spec.ts:283:3 ΓÇ║ User Management Module - Admin Only ΓÇ║ Form validation works correctly
Not on dashboard after login. Current URL: http://localhost:3000/login
[1A[2K[chromium] ΓÇ║ e2e\users.spec.ts:253:3 ΓÇ║ User Management Module - Admin Only ΓÇ║ Admin can select role for a user
Not on dashboard after login. Current URL: http://localhost:3000/login

[1A[2K[chromium] ΓÇ║ e2e\users.spec.ts:333:3 ΓÇ║ User Management Module - Admin Only ΓÇ║ Click-to-edit opens dialog with correct user data
Not on dashboard after login. Current URL: http://localhost:3000/login

[1A[2K  7) [chromium] ΓÇ║ e2e\users.spec.ts:333:3 ΓÇ║ User Management Module - Admin Only ΓÇ║ Click-to-edit opens dialog with correct user data 

    Error: Unknown module: Users

       at helpers.ts:105

      103 |   const url = moduleMap[module.toLowerCase()];
      104 |   if (!url) {
    > 105 |     throw new Error(`Unknown module: ${module}`);
          |           ^
      106 |   }
      107 |   
      108 |   await page.goto(`http://localhost:3000${url}`);
        at navigateToModule (C:\Users\saksh\OneDrive\Desktop\Bobs_Firebase\e2e\helpers.ts:105:11)
        at C:\Users\saksh\OneDrive\Desktop\Bobs_Firebase\e2e\users.spec.ts:334:11

    [31mTest timeout of 30000ms exceeded while running "afterEach" hook.[39m

      17 |   });
      18 |
    > 19 |   test.afterEach(async ({ page }) => {
         |        ^
      20 |     // Cleanup: logout after each test
      21 |     await logout(page);
      22 |   });
        at C:\Users\saksh\OneDrive\Desktop\Bobs_Firebase\e2e\users.spec.ts:19:8

    Error: page.click: Test ended.
    Call log:
    [2m  - waiting for locator('button:has-text("Menu")')[22m


       at helpers.ts:64

      62 |   await page.click('[aria-label="User menu"]').catch(() => {
      63 |     // Fallback if aria-label doesn't exist
    > 64 |     page.click('button:has-text("Menu")');
         |          ^
      65 |   });
      66 |   await page.click('text=Sign Out');
      67 |   await page.waitForURL('**/login');
        at C:\Users\saksh\OneDrive\Desktop\Bobs_Firebase\e2e\helpers.ts:64:10
        at logout (C:\Users\saksh\OneDrive\Desktop\Bobs_Firebase\e2e\helpers.ts:62:3)
        at C:\Users\saksh\OneDrive\Desktop\Bobs_Firebase\e2e\users.spec.ts:21:5

    Error: page.click: Test ended.
    Call log:
    [2m  - waiting for locator('text=Sign Out')[22m


       at helpers.ts:66

      64 |     page.click('button:has-text("Menu")');
      65 |   });
    > 66 |   await page.click('text=Sign Out');
         |              ^
      67 |   await page.waitForURL('**/login');
      68 | }
      69 |
        at logout (C:\Users\saksh\OneDrive\Desktop\Bobs_Firebase\e2e\helpers.ts:66:14)
        at C:\Users\saksh\OneDrive\Desktop\Bobs_Firebase\e2e\users.spec.ts:21:5

    Error Context: test-results\users-User-Management-Modu-046b2-alog-with-correct-user-data-chromium\error-context.md


[1A[2K  8) [chromium] ΓÇ║ e2e\users.spec.ts:206:3 ΓÇ║ User Management Module - Admin Only ΓÇ║ Admin can delete user 

    Error: Unknown module: Users

       at helpers.ts:105

      103 |   const url = moduleMap[module.toLowerCase()];
      104 |   if (!url) {
    > 105 |     throw new Error(`Unknown module: ${module}`);
          |           ^
      106 |   }
      107 |   
      108 |   await page.goto(`http://localhost:3000${url}`);
        at navigateToModule (C:\Users\saksh\OneDrive\Desktop\Bobs_Firebase\e2e\helpers.ts:105:11)
        at C:\Users\saksh\OneDrive\Desktop\Bobs_Firebase\e2e\users.spec.ts:207:11

    [31mTest timeout of 30000ms exceeded while running "afterEach" hook.[39m

      17 |   });
      18 |
    > 19 |   test.afterEach(async ({ page }) => {
         |        ^
      20 |     // Cleanup: logout after each test
      21 |     await logout(page);
      22 |   });
        at C:\Users\saksh\OneDrive\Desktop\Bobs_Firebase\e2e\users.spec.ts:19:8

    Error: page.click: Test ended.
    Call log:
    [2m  - waiting for locator('button:has-text("Menu")')[22m


       at helpers.ts:64

      62 |   await page.click('[aria-label="User menu"]').catch(() => {
      63 |     // Fallback if aria-label doesn't exist
    > 64 |     page.click('button:has-text("Menu")');
         |          ^
      65 |   });
      66 |   await page.click('text=Sign Out');
      67 |   await page.waitForURL('**/login');
        at C:\Users\saksh\OneDrive\Desktop\Bobs_Firebase\e2e\helpers.ts:64:10
        at logout (C:\Users\saksh\OneDrive\Desktop\Bobs_Firebase\e2e\helpers.ts:62:3)
        at C:\Users\saksh\OneDrive\Desktop\Bobs_Firebase\e2e\users.spec.ts:21:5

    Error: page.click: Test ended.
    Call log:
    [2m  - waiting for locator('text=Sign Out')[22m


       at helpers.ts:66

      64 |     page.click('button:has-text("Menu")');
      65 |   });
    > 66 |   await page.click('text=Sign Out');
         |              ^
      67 |   await page.waitForURL('**/login');
      68 | }
      69 |
        at logout (C:\Users\saksh\OneDrive\Desktop\Bobs_Firebase\e2e\helpers.ts:66:14)
        at C:\Users\saksh\OneDrive\Desktop\Bobs_Firebase\e2e\users.spec.ts:21:5

    Error Context: test-results\users-User-Management-Modu-dabc3--Only-Admin-can-delete-user-chromium\error-context.md


[1A[2K  9) [chromium] ΓÇ║ e2e\users.spec.ts:283:3 ΓÇ║ User Management Module - Admin Only ΓÇ║ Form validation works correctly 

    Error: Unknown module: Users

       at helpers.ts:105

      103 |   const url = moduleMap[module.toLowerCase()];
      104 |   if (!url) {
    > 105 |     throw new Error(`Unknown module: ${module}`);
          |           ^
      106 |   }
      107 |   
      108 |   await page.goto(`http://localhost:3000${url}`);
        at navigateToModule (C:\Users\saksh\OneDrive\Desktop\Bobs_Firebase\e2e\helpers.ts:105:11)
        at C:\Users\saksh\OneDrive\Desktop\Bobs_Firebase\e2e\users.spec.ts:284:11

    [31mTest timeout of 30000ms exceeded while running "afterEach" hook.[39m

      17 |   });
      18 |
    > 19 |   test.afterEach(async ({ page }) => {
         |        ^
      20 |     // Cleanup: logout after each test
      21 |     await logout(page);
      22 |   });
        at C:\Users\saksh\OneDrive\Desktop\Bobs_Firebase\e2e\users.spec.ts:19:8

    Error: page.click: Test ended.
    Browser logs:

    <launching> C:\Users\saksh\AppData\Local\ms-playwright\chromium_headless_shell-1194\chrome-win\headless_shell.exe --disable-field-trial-config --disable-background-networking --disable-background-timer-throttling --disable-backgrounding-occluded-windows --disable-back-forward-cache --disable-breakpad --disable-client-side-phishing-detection --disable-component-extensions-with-background-pages --disable-component-update --no-default-browser-check --disable-default-apps --disable-dev-shm-usage --disable-extensions --disable-features=AcceptCHFrame,AvoidUnnecessaryBeforeUnloadCheckSync,DestroyProfileOnBrowserClose,DialMediaRouteProvider,GlobalMediaControls,HttpsUpgrades,LensOverlay,MediaRouter,PaintHolding,ThirdPartyStoragePartitioning,Translate,AutoDeElevate,RenderDocument --enable-features=CDPScreenshotNewSurface --allow-pre-commit-input --disable-hang-monitor --disable-ipc-flooding-protection --disable-popup-blocking --disable-prompt-on-repost --disable-renderer-backgrounding --force-color-profile=srgb --metrics-recording-only --no-first-run --password-store=basic --use-mock-keychain --no-service-autorun --export-tagged-pdf --disable-search-engine-choice-screen --unsafely-disable-devtools-self-xss-warnings --edge-skip-compat-layer-relaunch --enable-automation --headless --hide-scrollbars --mute-audio --blink-settings=primaryHoverType=2,availableHoverTypes=2,primaryPointerType=4,availablePointerTypes=4 --no-sandbox --user-data-dir=C:\Users\saksh\AppData\Local\Temp\playwright_chromiumdev_profile-bFxbHA --remote-debugging-pipe --no-startup-window
    <launched> pid=35604
    [pid=35604][err] [1028/193341.704:INFO:CONSOLE:25023] "%cDownload the React DevTools for a better development experience: https://react.dev/link/react-devtools font-weight:bold", source: webpack-internal:///(app-pages-browser)/./node_modules/next/dist/compiled/react-dom/cjs/react-dom-client.development.js (25023)
    [pid=35604][err] [1028/193342.124:INFO:CONSOLE:272] "[Supabase Auth] Auth state changed: INITIAL_SESSION", source: webpack-internal:///(app-pages-browser)/./src/lib/supabase/auth.ts (272)
    [pid=35604][err] [1028/193342.124:INFO:CONSOLE:55] "[AuthProvider] Auth state changed: INITIAL_SESSION", source: webpack-internal:///(app-pages-browser)/./src/components/AuthProvider.tsx (55)
    [pid=35604][err] [1028/193342.524:INFO:CONSOLE:50] "Login error: Error: Too many authentication attempts, please try again later.", source: webpack-internal:///(app-pages-browser)/./node_modules/next/dist/client/components/globals/intercept-console-error.js (50)
    [pid=35604][err] [1028/193350.539:INFO:CONSOLE:197] "[Fast Refresh] rebuilding", source: webpack-internal:///(app-pages-browser)/./node_modules/next/dist/client/components/react-dev-overlay/app/hot-reloader-client.js (197)
    [pid=35604][err] [1028/193354.721:INFO:CONSOLE:14] "[Fast Refresh] done in 4182ms", source: webpack-internal:///(app-pages-browser)/./node_modules/next/dist/client/components/react-dev-overlay/utils/report-hmr-latency.js (14)
    [pid=35604][err] [1028/193425.452:INFO:CONSOLE:197] "[Fast Refresh] rebuilding", source: webpack-internal:///(app-pages-browser)/./node_modules/next/dist/client/components/react-dev-overlay/app/hot-reloader-client.js (197)
    [pid=35604] <gracefully close start>
    Call log:
    [2m  - waiting for locator('button:has-text("Menu")')[22m


       at helpers.ts:64

      62 |   await page.click('[aria-label="User menu"]').catch(() => {
      63 |     // Fallback if aria-label doesn't exist
    > 64 |     page.click('button:has-text("Menu")');
         |          ^
      65 |   });
      66 |   await page.click('text=Sign Out');
      67 |   await page.waitForURL('**/login');
        at C:\Users\saksh\OneDrive\Desktop\Bobs_Firebase\e2e\helpers.ts:64:10
        at logout (C:\Users\saksh\OneDrive\Desktop\Bobs_Firebase\e2e\helpers.ts:62:3)
        at C:\Users\saksh\OneDrive\Desktop\Bobs_Firebase\e2e\users.spec.ts:21:5

    Error: page.click: Test ended.
    Browser logs:

    <launching> C:\Users\saksh\AppData\Local\ms-playwright\chromium_headless_shell-1194\chrome-win\headless_shell.exe --disable-field-trial-config --disable-background-networking --disable-background-timer-throttling --disable-backgrounding-occluded-windows --disable-back-forward-cache --disable-breakpad --disable-client-side-phishing-detection --disable-component-extensions-with-background-pages --disable-component-update --no-default-browser-check --disable-default-apps --disable-dev-shm-usage --disable-extensions --disable-features=AcceptCHFrame,AvoidUnnecessaryBeforeUnloadCheckSync,DestroyProfileOnBrowserClose,DialMediaRouteProvider,GlobalMediaControls,HttpsUpgrades,LensOverlay,MediaRouter,PaintHolding,ThirdPartyStoragePartitioning,Translate,AutoDeElevate,RenderDocument --enable-features=CDPScreenshotNewSurface --allow-pre-commit-input --disable-hang-monitor --disable-ipc-flooding-protection --disable-popup-blocking --disable-prompt-on-repost --disable-renderer-backgrounding --force-color-profile=srgb --metrics-recording-only --no-first-run --password-store=basic --use-mock-keychain --no-service-autorun --export-tagged-pdf --disable-search-engine-choice-screen --unsafely-disable-devtools-self-xss-warnings --edge-skip-compat-layer-relaunch --enable-automation --headless --hide-scrollbars --mute-audio --blink-settings=primaryHoverType=2,availableHoverTypes=2,primaryPointerType=4,availablePointerTypes=4 --no-sandbox --user-data-dir=C:\Users\saksh\AppData\Local\Temp\playwright_chromiumdev_profile-bFxbHA --remote-debugging-pipe --no-startup-window
    <launched> pid=35604
    [pid=35604][err] [1028/193341.704:INFO:CONSOLE:25023] "%cDownload the React DevTools for a better development experience: https://react.dev/link/react-devtools font-weight:bold", source: webpack-internal:///(app-pages-browser)/./node_modules/next/dist/compiled/react-dom/cjs/react-dom-client.development.js (25023)
    [pid=35604][err] [1028/193342.124:INFO:CONSOLE:272] "[Supabase Auth] Auth state changed: INITIAL_SESSION", source: webpack-internal:///(app-pages-browser)/./src/lib/supabase/auth.ts (272)
    [pid=35604][err] [1028/193342.124:INFO:CONSOLE:55] "[AuthProvider] Auth state changed: INITIAL_SESSION", source: webpack-internal:///(app-pages-browser)/./src/components/AuthProvider.tsx (55)
    [pid=35604][err] [1028/193342.524:INFO:CONSOLE:50] "Login error: Error: Too many authentication attempts, please try again later.", source: webpack-internal:///(app-pages-browser)/./node_modules/next/dist/client/components/globals/intercept-console-error.js (50)
    [pid=35604][err] [1028/193350.539:INFO:CONSOLE:197] "[Fast Refresh] rebuilding", source: webpack-internal:///(app-pages-browser)/./node_modules/next/dist/client/components/react-dev-overlay/app/hot-reloader-client.js (197)
    [pid=35604][err] [1028/193354.721:INFO:CONSOLE:14] "[Fast Refresh] done in 4182ms", source: webpack-internal:///(app-pages-browser)/./node_modules/next/dist/client/components/react-dev-overlay/utils/report-hmr-latency.js (14)
    [pid=35604][err] [1028/193425.452:INFO:CONSOLE:197] "[Fast Refresh] rebuilding", source: webpack-internal:///(app-pages-browser)/./node_modules/next/dist/client/components/react-dev-overlay/app/hot-reloader-client.js (197)
    [pid=35604] <gracefully close start>
    Call log:
    [2m  - waiting for locator('text=Sign Out')[22m


       at helpers.ts:66

      64 |     page.click('button:has-text("Menu")');
      65 |   });
    > 66 |   await page.click('text=Sign Out');
         |              ^
      67 |   await page.waitForURL('**/login');
      68 | }
      69 |
        at logout (C:\Users\saksh\OneDrive\Desktop\Bobs_Firebase\e2e\helpers.ts:66:14)
        at C:\Users\saksh\OneDrive\Desktop\Bobs_Firebase\e2e\users.spec.ts:21:5

    Error Context: test-results\users-User-Management-Modu-d0316--validation-works-correctly-chromium\error-context.md


[1A[2K  10) [chromium] ΓÇ║ e2e\users.spec.ts:253:3 ΓÇ║ User Management Module - Admin Only ΓÇ║ Admin can select role for a user 

    Error: Unknown module: Users

       at helpers.ts:105

      103 |   const url = moduleMap[module.toLowerCase()];
      104 |   if (!url) {
    > 105 |     throw new Error(`Unknown module: ${module}`);
          |           ^
      106 |   }
      107 |   
      108 |   await page.goto(`http://localhost:3000${url}`);
        at navigateToModule (C:\Users\saksh\OneDrive\Desktop\Bobs_Firebase\e2e\helpers.ts:105:11)
        at C:\Users\saksh\OneDrive\Desktop\Bobs_Firebase\e2e\users.spec.ts:254:11

    [31mTest timeout of 30000ms exceeded while running "afterEach" hook.[39m

      17 |   });
      18 |
    > 19 |   test.afterEach(async ({ page }) => {
         |        ^
      20 |     // Cleanup: logout after each test
      21 |     await logout(page);
      22 |   });
        at C:\Users\saksh\OneDrive\Desktop\Bobs_Firebase\e2e\users.spec.ts:19:8

    Error: page.click: Test ended.
    Call log:
    [2m  - waiting for locator('button:has-text("Menu")')[22m


       at helpers.ts:64

      62 |   await page.click('[aria-label="User menu"]').catch(() => {
      63 |     // Fallback if aria-label doesn't exist
    > 64 |     page.click('button:has-text("Menu")');
         |          ^
      65 |   });
      66 |   await page.click('text=Sign Out');
      67 |   await page.waitForURL('**/login');
        at C:\Users\saksh\OneDrive\Desktop\Bobs_Firebase\e2e\helpers.ts:64:10
        at logout (C:\Users\saksh\OneDrive\Desktop\Bobs_Firebase\e2e\helpers.ts:62:3)
        at C:\Users\saksh\OneDrive\Desktop\Bobs_Firebase\e2e\users.spec.ts:21:5

    Error: page.click: Test ended.
    Call log:
    [2m  - waiting for locator('text=Sign Out')[22m


       at helpers.ts:66

      64 |     page.click('button:has-text("Menu")');
      65 |   });
    > 66 |   await page.click('text=Sign Out');
         |              ^
      67 |   await page.waitForURL('**/login');
      68 | }
      69 |
        at logout (C:\Users\saksh\OneDrive\Desktop\Bobs_Firebase\e2e\helpers.ts:66:14)
        at C:\Users\saksh\OneDrive\Desktop\Bobs_Firebase\e2e\users.spec.ts:21:5

    Error Context: test-results\users-User-Management-Modu-596d3--can-select-role-for-a-user-chromium\error-context.md


[1A[2K  11) [chromium] ΓÇ║ e2e\users.spec.ts:311:3 ΓÇ║ User Management Module - Admin Only ΓÇ║ Table displays user information correctly 

    Error: Unknown module: Users

       at helpers.ts:105

      103 |   const url = moduleMap[module.toLowerCase()];
      104 |   if (!url) {
    > 105 |     throw new Error(`Unknown module: ${module}`);
          |           ^
      106 |   }
      107 |   
      108 |   await page.goto(`http://localhost:3000${url}`);
        at navigateToModule (C:\Users\saksh\OneDrive\Desktop\Bobs_Firebase\e2e\helpers.ts:105:11)
        at C:\Users\saksh\OneDrive\Desktop\Bobs_Firebase\e2e\users.spec.ts:312:11

    [31mTest timeout of 30000ms exceeded while running "afterEach" hook.[39m

      17 |   });
      18 |
    > 19 |   test.afterEach(async ({ page }) => {
         |        ^
      20 |     // Cleanup: logout after each test
      21 |     await logout(page);
      22 |   });
        at C:\Users\saksh\OneDrive\Desktop\Bobs_Firebase\e2e\users.spec.ts:19:8

    Error: page.click: Test ended.
    Call log:
    [2m  - waiting for locator('button:has-text("Menu")')[22m


       at helpers.ts:64

      62 |   await page.click('[aria-label="User menu"]').catch(() => {
      63 |     // Fallback if aria-label doesn't exist
    > 64 |     page.click('button:has-text("Menu")');
         |          ^
      65 |   });
      66 |   await page.click('text=Sign Out');
      67 |   await page.waitForURL('**/login');
        at C:\Users\saksh\OneDrive\Desktop\Bobs_Firebase\e2e\helpers.ts:64:10
        at logout (C:\Users\saksh\OneDrive\Desktop\Bobs_Firebase\e2e\helpers.ts:62:3)
        at C:\Users\saksh\OneDrive\Desktop\Bobs_Firebase\e2e\users.spec.ts:21:5

    Error: page.click: Test ended.
    Call log:
    [2m  - waiting for locator('text=Sign Out')[22m


       at helpers.ts:66

      64 |     page.click('button:has-text("Menu")');
      65 |   });
    > 66 |   await page.click('text=Sign Out');
         |              ^
      67 |   await page.waitForURL('**/login');
      68 | }
      69 |
        at logout (C:\Users\saksh\OneDrive\Desktop\Bobs_Firebase\e2e\helpers.ts:66:14)
        at C:\Users\saksh\OneDrive\Desktop\Bobs_Firebase\e2e\users.spec.ts:21:5

    Error Context: test-results\users-User-Management-Modu-03daf--user-information-correctly-chromium\error-context.md


[1A[2K  12) [chromium] ΓÇ║ e2e\users.spec.ts:237:3 ΓÇ║ User Management Module - Admin Only ΓÇ║ Admin cannot delete own account 

    Error: Unknown module: Users

       at helpers.ts:105

      103 |   const url = moduleMap[module.toLowerCase()];
      104 |   if (!url) {
    > 105 |     throw new Error(`Unknown module: ${module}`);
          |           ^
      106 |   }
      107 |   
      108 |   await page.goto(`http://localhost:3000${url}`);
        at navigateToModule (C:\Users\saksh\OneDrive\Desktop\Bobs_Firebase\e2e\helpers.ts:105:11)
        at C:\Users\saksh\OneDrive\Desktop\Bobs_Firebase\e2e\users.spec.ts:238:11

    [31mTest timeout of 30000ms exceeded while running "afterEach" hook.[39m

      17 |   });
      18 |
    > 19 |   test.afterEach(async ({ page }) => {
         |        ^
      20 |     // Cleanup: logout after each test
      21 |     await logout(page);
      22 |   });
        at C:\Users\saksh\OneDrive\Desktop\Bobs_Firebase\e2e\users.spec.ts:19:8

    Error: page.click: Test ended.
    Call log:
    [2m  - waiting for locator('button:has-text("Menu")')[22m


       at helpers.ts:64

      62 |   await page.click('[aria-label="User menu"]').catch(() => {
      63 |     // Fallback if aria-label doesn't exist
    > 64 |     page.click('button:has-text("Menu")');
         |          ^
      65 |   });
      66 |   await page.click('text=Sign Out');
      67 |   await page.waitForURL('**/login');
        at C:\Users\saksh\OneDrive\Desktop\Bobs_Firebase\e2e\helpers.ts:64:10
        at logout (C:\Users\saksh\OneDrive\Desktop\Bobs_Firebase\e2e\helpers.ts:62:3)
        at C:\Users\saksh\OneDrive\Desktop\Bobs_Firebase\e2e\users.spec.ts:21:5

    Error: page.click: Test ended.
    Call log:
    [2m  - waiting for locator('text=Sign Out')[22m


       at helpers.ts:66

      64 |     page.click('button:has-text("Menu")');
      65 |   });
    > 66 |   await page.click('text=Sign Out');
         |              ^
      67 |   await page.waitForURL('**/login');
      68 | }
      69 |
        at logout (C:\Users\saksh\OneDrive\Desktop\Bobs_Firebase\e2e\helpers.ts:66:14)
        at C:\Users\saksh\OneDrive\Desktop\Bobs_Firebase\e2e\users.spec.ts:21:5

    Error Context: test-results\users-User-Management-Modu-5dd49-n-cannot-delete-own-account-chromium\error-context.md


[1A[2K[13/21] [chromium] ΓÇ║ e2e\users.spec.ts:353:3 ΓÇ║ User Management Module - Admin Only ΓÇ║ Backdrop overlay is visible on dialog open
[1A[2K[14/21] [chromium] ΓÇ║ e2e\users.spec.ts:411:3 ΓÇ║ User Management - Non-Admin Access ΓÇ║ Non-admin cannot access User Management page
[1A[2K[15/21] [chromium] ΓÇ║ e2e\users.spec.ts:385:3 ΓÇ║ User Management Module - Admin Only ΓÇ║ Toast notifications appear on actions
[1A[2K[16/21] [chromium] ΓÇ║ e2e\users.spec.ts:370:3 ΓÇ║ User Management Module - Admin Only ΓÇ║ Store dropdown shows available stores
[1A[2K[17/21] [chromium] ΓÇ║ e2e\users.spec.ts:434:3 ΓÇ║ User Management - Performance ΓÇ║ Table loads quickly with multiple users
[1A[2K[18/21] [chromium] ΓÇ║ e2e\users.spec.ts:447:3 ΓÇ║ User Management - Performance ΓÇ║ Search/filter functionality (if implemented)
[1A[2K  13) [chromium] ΓÇ║ e2e\users.spec.ts:411:3 ΓÇ║ User Management - Non-Admin Access ΓÇ║ Non-admin cannot access User Management page 

    Error: [2mexpect([22m[31mpage[39m[2m).[22mtoHaveURL[2m([22m[32mexpected[39m[2m)[22m failed

    Expected pattern: [32m/\/dashboard/[39m
    Received string:  [31m"http://localhost:3000/login"[39m
    Timeout: 5000ms

    Call log:
    [2m  - Expect "toHaveURL" with timeout 5000ms[22m
    [2m    8 ├ù unexpected value "http://localhost:3000/login"[22m


      418 |     
      419 |     // Wait for redirect to dashboard
    > 420 |     await expect(page).toHaveURL(/\/dashboard/);
          |                        ^
      421 |     
      422 |     // Try to navigate to users page directly
      423 |     await page.goto('/dashboard/users');
        at C:\Users\saksh\OneDrive\Desktop\Bobs_Firebase\e2e\users.spec.ts:420:24

    Error Context: test-results\users-User-Management---No-cc175-access-User-Management-page-chromium\error-context.md


[1A[2K[19/21] [chromium] ΓÇ║ e2e\users.spec.ts:467:3 ΓÇ║ User Management - Edge Cases ΓÇ║ Duplicate email validation
[1A[2K[chromium] ΓÇ║ e2e\users.spec.ts:385:3 ΓÇ║ User Management Module - Admin Only ΓÇ║ Toast notifications appear on actions
Login redirect failed, current URL: http://localhost:3000/login

[1A[2K[chromium] ΓÇ║ e2e\users.spec.ts:434:3 ΓÇ║ User Management - Performance ΓÇ║ Table loads quickly with multiple users
Login redirect failed, current URL: http://localhost:3000/login

[1A[2K[chromium] ΓÇ║ e2e\users.spec.ts:385:3 ΓÇ║ User Management Module - Admin Only ΓÇ║ Toast notifications appear on actions

Not on dashboard after login. Current URL: http://localhost:3000/login
[1A[2K[chromium] ΓÇ║ e2e\users.spec.ts:434:3 ΓÇ║ User Management - Performance ΓÇ║ Table loads quickly with multiple users

Not on dashboard after login. Current URL: http://localhost:3000/login
[1A[2K[chromium] ΓÇ║ e2e\users.spec.ts:370:3 ΓÇ║ User Management Module - Admin Only ΓÇ║ Store dropdown shows available stores
Login redirect failed, current URL: http://localhost:3000/login

[1A[2K[chromium] ΓÇ║ e2e\users.spec.ts:353:3 ΓÇ║ User Management Module - Admin Only ΓÇ║ Backdrop overlay is visible on dialog open
Login redirect failed, current URL: http://localhost:3000/login

[1A[2K[chromium] ΓÇ║ e2e\users.spec.ts:447:3 ΓÇ║ User Management - Performance ΓÇ║ Search/filter functionality (if implemented)
Login redirect failed, current URL: http://localhost:3000/login

[1A[2K[chromium] ΓÇ║ e2e\users.spec.ts:370:3 ΓÇ║ User Management Module - Admin Only ΓÇ║ Store dropdown shows available stores
Not on dashboard after login. Current URL: http://localhost:3000/login

[1A[2K[chromium] ΓÇ║ e2e\users.spec.ts:353:3 ΓÇ║ User Management Module - Admin Only ΓÇ║ Backdrop overlay is visible on dialog open
Not on dashboard after login. Current URL: http://localhost:3000/login

[1A[2K[chromium] ΓÇ║ e2e\users.spec.ts:447:3 ΓÇ║ User Management - Performance ΓÇ║ Search/filter functionality (if implemented)

Not on dashboard after login. Current URL: http://localhost:3000/login
[1A[2K  14) [chromium] ΓÇ║ e2e\users.spec.ts:447:3 ΓÇ║ User Management - Performance ΓÇ║ Search/filter functionality (if implemented) 

    Error: Unknown module: Users

       at helpers.ts:105

      103 |   const url = moduleMap[module.toLowerCase()];
      104 |   if (!url) {
    > 105 |     throw new Error(`Unknown module: ${module}`);
          |           ^
      106 |   }
      107 |   
      108 |   await page.goto(`http://localhost:3000${url}`);
        at navigateToModule (C:\Users\saksh\OneDrive\Desktop\Bobs_Firebase\e2e\helpers.ts:105:11)
        at C:\Users\saksh\OneDrive\Desktop\Bobs_Firebase\e2e\users.spec.ts:449:11

    Error Context: test-results\users-User-Management---Pe-41990-nctionality-if-implemented--chromium\error-context.md


[1A[2K  15) [chromium] ΓÇ║ e2e\users.spec.ts:434:3 ΓÇ║ User Management - Performance ΓÇ║ Table loads quickly with multiple users 

    Error: Unknown module: Users

       at helpers.ts:105

      103 |   const url = moduleMap[module.toLowerCase()];
      104 |   if (!url) {
    > 105 |     throw new Error(`Unknown module: ${module}`);
          |           ^
      106 |   }
      107 |   
      108 |   await page.goto(`http://localhost:3000${url}`);
        at navigateToModule (C:\Users\saksh\OneDrive\Desktop\Bobs_Firebase\e2e\helpers.ts:105:11)
        at C:\Users\saksh\OneDrive\Desktop\Bobs_Firebase\e2e\users.spec.ts:436:11

    Error Context: test-results\users-User-Management---Pe-1a69f-quickly-with-multiple-users-chromium\error-context.md


[1A[2K[20/21] [chromium] ΓÇ║ e2e\users.spec.ts:487:3 ΓÇ║ User Management - Edge Cases ΓÇ║ Long names and emails display correctly
[1A[2K[21/21] [chromium] ΓÇ║ e2e\users.spec.ts:515:3 ΓÇ║ User Management - Edge Cases ΓÇ║ Special characters in designation field
[1A[2K[chromium] ΓÇ║ e2e\users.spec.ts:467:3 ΓÇ║ User Management - Edge Cases ΓÇ║ Duplicate email validation
Login redirect failed, current URL: http://localhost:3000/login

[1A[2KNot on dashboard after login. Current URL: http://localhost:3000/login

[1A[2K  16) [chromium] ΓÇ║ e2e\users.spec.ts:467:3 ΓÇ║ User Management - Edge Cases ΓÇ║ Duplicate email validation 

    Error: Unknown module: Users

       at helpers.ts:105

      103 |   const url = moduleMap[module.toLowerCase()];
      104 |   if (!url) {
    > 105 |     throw new Error(`Unknown module: ${module}`);
          |           ^
      106 |   }
      107 |   
      108 |   await page.goto(`http://localhost:3000${url}`);
        at navigateToModule (C:\Users\saksh\OneDrive\Desktop\Bobs_Firebase\e2e\helpers.ts:105:11)
        at C:\Users\saksh\OneDrive\Desktop\Bobs_Firebase\e2e\users.spec.ts:469:11

    Error Context: test-results\users-User-Management---Ed-53667--Duplicate-email-validation-chromium\error-context.md


[1A[2K[chromium] ΓÇ║ e2e\users.spec.ts:487:3 ΓÇ║ User Management - Edge Cases ΓÇ║ Long names and emails display correctly
Login redirect failed, current URL: http://localhost:3000/login

[1A[2KNot on dashboard after login. Current URL: http://localhost:3000/login

[1A[2K[chromium] ΓÇ║ e2e\users.spec.ts:515:3 ΓÇ║ User Management - Edge Cases ΓÇ║ Special characters in designation field
Login redirect failed, current URL: http://localhost:3000/login

[1A[2KNot on dashboard after login. Current URL: http://localhost:3000/login

[1A[2K  17) [chromium] ΓÇ║ e2e\users.spec.ts:515:3 ΓÇ║ User Management - Edge Cases ΓÇ║ Special characters in designation field 

    Error: Unknown module: Users

       at helpers.ts:105

      103 |   const url = moduleMap[module.toLowerCase()];
      104 |   if (!url) {
    > 105 |     throw new Error(`Unknown module: ${module}`);
          |           ^
      106 |   }
      107 |   
      108 |   await page.goto(`http://localhost:3000${url}`);
        at navigateToModule (C:\Users\saksh\OneDrive\Desktop\Bobs_Firebase\e2e\helpers.ts:105:11)
        at C:\Users\saksh\OneDrive\Desktop\Bobs_Firebase\e2e\users.spec.ts:517:11

    Error Context: test-results\users-User-Management---Ed-f7670-acters-in-designation-field-chromium\error-context.md


[1A[2K  18) [chromium] ΓÇ║ e2e\users.spec.ts:487:3 ΓÇ║ User Management - Edge Cases ΓÇ║ Long names and emails display correctly 

    Error: Unknown module: Users

       at helpers.ts:105

      103 |   const url = moduleMap[module.toLowerCase()];
      104 |   if (!url) {
    > 105 |     throw new Error(`Unknown module: ${module}`);
          |           ^
      106 |   }
      107 |   
      108 |   await page.goto(`http://localhost:3000${url}`);
        at navigateToModule (C:\Users\saksh\OneDrive\Desktop\Bobs_Firebase\e2e\helpers.ts:105:11)
        at C:\Users\saksh\OneDrive\Desktop\Bobs_Firebase\e2e\users.spec.ts:489:11

    Error Context: test-results\users-User-Management---Ed-8dda3-nd-emails-display-correctly-chromium\error-context.md


[1A[2K  19) [chromium] ΓÇ║ e2e\users.spec.ts:385:3 ΓÇ║ User Management Module - Admin Only ΓÇ║ Toast notifications appear on actions 

    Error: Unknown module: Users

       at helpers.ts:105

      103 |   const url = moduleMap[module.toLowerCase()];
      104 |   if (!url) {
    > 105 |     throw new Error(`Unknown module: ${module}`);
          |           ^
      106 |   }
      107 |   
      108 |   await page.goto(`http://localhost:3000${url}`);
        at navigateToModule (C:\Users\saksh\OneDrive\Desktop\Bobs_Firebase\e2e\helpers.ts:105:11)
        at C:\Users\saksh\OneDrive\Desktop\Bobs_Firebase\e2e\users.spec.ts:386:11

    [31mTest timeout of 30000ms exceeded while running "afterEach" hook.[39m

      17 |   });
      18 |
    > 19 |   test.afterEach(async ({ page }) => {
         |        ^
      20 |     // Cleanup: logout after each test
      21 |     await logout(page);
      22 |   });
        at C:\Users\saksh\OneDrive\Desktop\Bobs_Firebase\e2e\users.spec.ts:19:8

    Error: page.click: Test ended.
    Call log:
    [2m  - waiting for locator('button:has-text("Menu")')[22m


       at helpers.ts:64

      62 |   await page.click('[aria-label="User menu"]').catch(() => {
      63 |     // Fallback if aria-label doesn't exist
    > 64 |     page.click('button:has-text("Menu")');
         |          ^
      65 |   });
      66 |   await page.click('text=Sign Out');
      67 |   await page.waitForURL('**/login');
        at C:\Users\saksh\OneDrive\Desktop\Bobs_Firebase\e2e\helpers.ts:64:10
        at logout (C:\Users\saksh\OneDrive\Desktop\Bobs_Firebase\e2e\helpers.ts:62:3)
        at C:\Users\saksh\OneDrive\Desktop\Bobs_Firebase\e2e\users.spec.ts:21:5

    Error: page.click: Test ended.
    Call log:
    [2m  - waiting for locator('text=Sign Out')[22m


       at helpers.ts:66

      64 |     page.click('button:has-text("Menu")');
      65 |   });
    > 66 |   await page.click('text=Sign Out');
         |              ^
      67 |   await page.waitForURL('**/login');
      68 | }
      69 |
        at logout (C:\Users\saksh\OneDrive\Desktop\Bobs_Firebase\e2e\helpers.ts:66:14)
        at C:\Users\saksh\OneDrive\Desktop\Bobs_Firebase\e2e\users.spec.ts:21:5

    Error Context: test-results\users-User-Management-Modu-4cc51-fications-appear-on-actions-chromium\error-context.md


[1A[2K  20) [chromium] ΓÇ║ e2e\users.spec.ts:353:3 ΓÇ║ User Management Module - Admin Only ΓÇ║ Backdrop overlay is visible on dialog open 

    Error: Unknown module: Users

       at helpers.ts:105

      103 |   const url = moduleMap[module.toLowerCase()];
      104 |   if (!url) {
    > 105 |     throw new Error(`Unknown module: ${module}`);
          |           ^
      106 |   }
      107 |   
      108 |   await page.goto(`http://localhost:3000${url}`);
        at navigateToModule (C:\Users\saksh\OneDrive\Desktop\Bobs_Firebase\e2e\helpers.ts:105:11)
        at C:\Users\saksh\OneDrive\Desktop\Bobs_Firebase\e2e\users.spec.ts:354:11

    [31mTest timeout of 30000ms exceeded while running "afterEach" hook.[39m

      17 |   });
      18 |
    > 19 |   test.afterEach(async ({ page }) => {
         |        ^
      20 |     // Cleanup: logout after each test
      21 |     await logout(page);
      22 |   });
        at C:\Users\saksh\OneDrive\Desktop\Bobs_Firebase\e2e\users.spec.ts:19:8

    Error: page.click: Test ended.
    Call log:
    [2m  - waiting for locator('button:has-text("Menu")')[22m


       at helpers.ts:64

      62 |   await page.click('[aria-label="User menu"]').catch(() => {
      63 |     // Fallback if aria-label doesn't exist
    > 64 |     page.click('button:has-text("Menu")');
         |          ^
      65 |   });
      66 |   await page.click('text=Sign Out');
      67 |   await page.waitForURL('**/login');
        at C:\Users\saksh\OneDrive\Desktop\Bobs_Firebase\e2e\helpers.ts:64:10
        at logout (C:\Users\saksh\OneDrive\Desktop\Bobs_Firebase\e2e\helpers.ts:62:3)
        at C:\Users\saksh\OneDrive\Desktop\Bobs_Firebase\e2e\users.spec.ts:21:5

    Error: page.click: Test ended.
    Call log:
    [2m  - waiting for locator('text=Sign Out')[22m


       at helpers.ts:66

      64 |     page.click('button:has-text("Menu")');
      65 |   });
    > 66 |   await page.click('text=Sign Out');
         |              ^
      67 |   await page.waitForURL('**/login');
      68 | }
      69 |
        at logout (C:\Users\saksh\OneDrive\Desktop\Bobs_Firebase\e2e\helpers.ts:66:14)
        at C:\Users\saksh\OneDrive\Desktop\Bobs_Firebase\e2e\users.spec.ts:21:5

    Error Context: test-results\users-User-Management-Modu-c9a7d-y-is-visible-on-dialog-open-chromium\error-context.md


[1A[2K  21) [chromium] ΓÇ║ e2e\users.spec.ts:370:3 ΓÇ║ User Management Module - Admin Only ΓÇ║ Store dropdown shows available stores 

    Error: Unknown module: Users

       at helpers.ts:105

      103 |   const url = moduleMap[module.toLowerCase()];
      104 |   if (!url) {
    > 105 |     throw new Error(`Unknown module: ${module}`);
          |           ^
      106 |   }
      107 |   
      108 |   await page.goto(`http://localhost:3000${url}`);
        at navigateToModule (C:\Users\saksh\OneDrive\Desktop\Bobs_Firebase\e2e\helpers.ts:105:11)
        at C:\Users\saksh\OneDrive\Desktop\Bobs_Firebase\e2e\users.spec.ts:371:11

    [31mTest timeout of 30000ms exceeded while running "afterEach" hook.[39m

      17 |   });
      18 |
    > 19 |   test.afterEach(async ({ page }) => {
         |        ^
      20 |     // Cleanup: logout after each test
      21 |     await logout(page);
      22 |   });
        at C:\Users\saksh\OneDrive\Desktop\Bobs_Firebase\e2e\users.spec.ts:19:8

    Error: page.click: Test ended.
    Call log:
    [2m  - waiting for locator('button:has-text("Menu")')[22m


       at helpers.ts:64

      62 |   await page.click('[aria-label="User menu"]').catch(() => {
      63 |     // Fallback if aria-label doesn't exist
    > 64 |     page.click('button:has-text("Menu")');
         |          ^
      65 |   });
      66 |   await page.click('text=Sign Out');
      67 |   await page.waitForURL('**/login');
        at C:\Users\saksh\OneDrive\Desktop\Bobs_Firebase\e2e\helpers.ts:64:10
        at logout (C:\Users\saksh\OneDrive\Desktop\Bobs_Firebase\e2e\helpers.ts:62:3)
        at C:\Users\saksh\OneDrive\Desktop\Bobs_Firebase\e2e\users.spec.ts:21:5

    Error: page.click: Test ended.
    Call log:
    [2m  - waiting for locator('text=Sign Out')[22m


       at helpers.ts:66

      64 |     page.click('button:has-text("Menu")');
      65 |   });
    > 66 |   await page.click('text=Sign Out');
         |              ^
      67 |   await page.waitForURL('**/login');
      68 | }
      69 |
        at logout (C:\Users\saksh\OneDrive\Desktop\Bobs_Firebase\e2e\helpers.ts:66:14)
        at C:\Users\saksh\OneDrive\Desktop\Bobs_Firebase\e2e\users.spec.ts:21:5

    Error Context: test-results\users-User-Management-Modu-fc604-down-shows-available-stores-chromium\error-context.md


[1A[2K  21 failed
    [chromium] ΓÇ║ e2e\users.spec.ts:24:3 ΓÇ║ User Management Module - Admin Only ΓÇ║ Admin can access User Management page 
    [chromium] ΓÇ║ e2e\users.spec.ts:40:3 ΓÇ║ User Management Module - Admin Only ΓÇ║ Admin can create user with generated password 
    [chromium] ΓÇ║ e2e\users.spec.ts:81:3 ΓÇ║ User Management Module - Admin Only ΓÇ║ Password generator creates valid passwords 
    [chromium] ΓÇ║ e2e\users.spec.ts:102:3 ΓÇ║ User Management Module - Admin Only ΓÇ║ Admin can toggle password visibility 
    [chromium] ΓÇ║ e2e\users.spec.ts:129:3 ΓÇ║ User Management Module - Admin Only ΓÇ║ Admin can edit user roles and designation 
    [chromium] ΓÇ║ e2e\users.spec.ts:172:3 ΓÇ║ User Management Module - Admin Only ΓÇ║ Admin can assign reporting manager 
    [chromium] ΓÇ║ e2e\users.spec.ts:206:3 ΓÇ║ User Management Module - Admin Only ΓÇ║ Admin can delete user 
    [chromium] ΓÇ║ e2e\users.spec.ts:237:3 ΓÇ║ User Management Module - Admin Only ΓÇ║ Admin cannot delete own account 
    [chromium] ΓÇ║ e2e\users.spec.ts:253:3 ΓÇ║ User Management Module - Admin Only ΓÇ║ Admin can select role for a user 
    [chromium] ΓÇ║ e2e\users.spec.ts:283:3 ΓÇ║ User Management Module - Admin Only ΓÇ║ Form validation works correctly 
    [chromium] ΓÇ║ e2e\users.spec.ts:311:3 ΓÇ║ User Management Module - Admin Only ΓÇ║ Table displays user information correctly 
    [chromium] ΓÇ║ e2e\users.spec.ts:333:3 ΓÇ║ User Management Module - Admin Only ΓÇ║ Click-to-edit opens dialog with correct user data 
    [chromium] ΓÇ║ e2e\users.spec.ts:353:3 ΓÇ║ User Management Module - Admin Only ΓÇ║ Backdrop overlay is visible on dialog open 
    [chromium] ΓÇ║ e2e\users.spec.ts:370:3 ΓÇ║ User Management Module - Admin Only ΓÇ║ Store dropdown shows available stores 
    [chromium] ΓÇ║ e2e\users.spec.ts:385:3 ΓÇ║ User Management Module - Admin Only ΓÇ║ Toast notifications appear on actions 
    [chromium] ΓÇ║ e2e\users.spec.ts:411:3 ΓÇ║ User Management - Non-Admin Access ΓÇ║ Non-admin cannot access User Management page 
    [chromium] ΓÇ║ e2e\users.spec.ts:434:3 ΓÇ║ User Management - Performance ΓÇ║ Table loads quickly with multiple users 
    [chromium] ΓÇ║ e2e\users.spec.ts:447:3 ΓÇ║ User Management - Performance ΓÇ║ Search/filter functionality (if implemented) 
    [chromium] ΓÇ║ e2e\users.spec.ts:467:3 ΓÇ║ User Management - Edge Cases ΓÇ║ Duplicate email validation 
    [chromium] ΓÇ║ e2e\users.spec.ts:487:3 ΓÇ║ User Management - Edge Cases ΓÇ║ Long names and emails display correctly 
    [chromium] ΓÇ║ e2e\users.spec.ts:515:3 ΓÇ║ User Management - Edge Cases ΓÇ║ Special characters in designation field 
